// Jest Snapshot v1, https://goo.gl/fbAQLP

exports[`should  1`] = `
<DocumentFragment>
  <div
    class="app_wrapper"
  >
    <div
      class="app_outer"
    >
      <div
        class="app_inner"
      >
        <header
          class="header"
        >
          <img
            alt="logo"
            class="header_img"
            src="soc_logo.png"
          />
          <div
            class="header_login"
          >
            <a
              href="#/login"
            >
              Login
            </a>
          </div>
        </header>
        <div
          class="wrapper"
        >
          <nav
            class="wrapper"
          >
            <div>
              <div
                class="list"
              >
                <div
                  class="list_items"
                >
                  <a
                    class="item"
                    href="#/profile"
                  >
                    Profile
                  </a>
                </div>
              </div>
            </div>
            <div>
              <div
                class="list"
              >
                <div
                  class="list_items"
                >
                  <a
                    class="item"
                    href="#/messages"
                  >
                    Messages
                  </a>
                </div>
              </div>
            </div>
            <div>
              <div
                class="list"
              >
                <div
                  class="list_items"
                >
                  <a
                    class="item"
                    href="#/users"
                  >
                    Users
                  </a>
                </div>
              </div>
            </div>
            <div>
              <div
                class="list"
              >
                <div
                  class="list_items"
                >
                  <a
                    class="item"
                    href="#/news"
                  >
                    News
                  </a>
                </div>
              </div>
            </div>
            <div>
              <div
                class="list"
              >
                <div
                  class="list_items"
                >
                  <a
                    class="item"
                    href="#/music"
                  >
                    Music
                  </a>
                </div>
              </div>
            </div>
            <div>
              <div
                class="list"
              >
                <div
                  class="list_items"
                >
                  <a
                    class="item"
                    href="#/settings"
                  >
                    Settings
                  </a>
                </div>
              </div>
            </div>
          </nav>
          <div
            class="content"
          >
            <div
              class="wrapper"
            >
              <div
                class="login"
              >
                <form
                  class="form"
                >
                  <input
                    class="input"
                    name="email"
                    placeholder="email"
                    type="email"
                  />
                  <div>
                     
                  </div>
                  <input
                    class="input"
                    name="password"
                    placeholder="password"
                    type="password"
                  />
                  <div>
                     
                  </div>
                  <div
                    class="checkbox_wrapper"
                  >
                    <input
                      class="checkbox"
                      name="rememberMe"
                      type="checkbox"
                    />
                    <span
                      class="text"
                    >
                      remember me
                    </span>
                  </div>
                  <div>
                     
                  </div>
                  <input
                    class="button"
                    type="submit"
                    value="LOGIN"
                  />
                </form>
              </div>
            </div>
          </div>
        </div>
      </div>
    </div>
  </div>
</DocumentFragment>
`;
